// Jest Snapshot v1, https://goo.gl/fbAQLP

exports[`Head render correctly component 1`] = `
<div
  className="sc-bdVaJa head dCvSV"
>
  <div
    className="sc-bwzfXH head__logo JJPRh"
  >
    <img
      alt="Title"
      src="#"
    />
  </div>
  <h1
    className="sc-htpNat head__title jTvJLX"
  >
    <a
      href="#"
      rel="noopener noreferrer"
      target="_blank"
    >
      Title
    </a>
  </h1>
</div>
`;
